https://cache-redirector.jetbrains.com/intellij-dependencies/com/jgoodies/forms/1.1-preview/forms-1.1-preview.jar
https://cache-redirector.jetbrains.com/intellij-dependencies/com/jgoodies/forms/1.1-preview/forms-1.1-preview.pom
https://cache-redirector.jetbrains.com/intellij-dependencies/org/jetbrains/annotations/20.1.0/annotations-20.1.0.jar
https://cache-redirector.jetbrains.com/intellij-dependencies/org/jetbrains/annotations/20.1.0/annotations-20.1.0.pom
https://cache-redirector.jetbrains.com/intellij-dependencies/org/jetbrains/intellij/deps/asm-all/9.2/asm-all-9.2.jar
https://cache-redirector.jetbrains.com/intellij-dependencies/org/jetbrains/intellij/deps/asm-all/9.2/asm-all-9.2.pom
https://cache-redirector.jetbrains.com/www.jetbrains.com/intellij-repository/releases/com/jetbrains/intellij/idea/ideaIC/2022.2.4/ideaIC-2022.2.4.pom
https://cache-redirector.jetbrains.com/www.jetbrains.com/intellij-repository/releases/com/jetbrains/intellij/idea/ideaIC/2022.2.4/ideaIC-2022.2.4-sources.jar
https://cache-redirector.jetbrains.com/www.jetbrains.com/intellij-repository/releases/com/jetbrains/intellij/idea/ideaIC/2022.2.4/ideaIC-2022.2.4.zip
https://cache-redirector.jetbrains.com/www.jetbrains.com/intellij-repository/releases/com/jetbrains/intellij/java/java-compiler-ant-tasks/222.4459.24/java-compiler-ant-tasks-222.4459.24.jar
https://cache-redirector.jetbrains.com/www.jetbrains.com/intellij-repository/releases/com/jetbrains/intellij/java/java-compiler-ant-tasks/222.4459.24/java-compiler-ant-tasks-222.4459.24.pom
https://cache-redirector.jetbrains.com/www.jetbrains.com/intellij-repository/releases/com/jetbrains/intellij/java/java-compiler-instrumentation-util/222.4459.24/java-compiler-instrumentation-util-222.4459.24.jar
https://cache-redirector.jetbrains.com/www.jetbrains.com/intellij-repository/releases/com/jetbrains/intellij/java/java-compiler-instrumentation-util/222.4459.24/java-compiler-instrumentation-util-222.4459.24.pom
https://cache-redirector.jetbrains.com/www.jetbrains.com/intellij-repository/releases/com/jetbrains/intellij/java/java-compiler-instrumentation-util-java8/222.4459.24/java-compiler-instrumentation-util-java8-222.4459.24.jar
https://cache-redirector.jetbrains.com/www.jetbrains.com/intellij-repository/releases/com/jetbrains/intellij/java/java-compiler-instrumentation-util-java8/222.4459.24/java-compiler-instrumentation-util-java8-222.4459.24.pom
https://cache-redirector.jetbrains.com/www.jetbrains.com/intellij-repository/releases/com/jetbrains/intellij/java/java-gui-forms-compiler/222.4459.24/java-gui-forms-compiler-222.4459.24.jar
https://cache-redirector.jetbrains.com/www.jetbrains.com/intellij-repository/releases/com/jetbrains/intellij/java/java-gui-forms-compiler/222.4459.24/java-gui-forms-compiler-222.4459.24.pom
https://cache-redirector.jetbrains.com/www.jetbrains.com/intellij-repository/releases/com/jetbrains/intellij/java/java-gui-forms-rt/222.4459.24/java-gui-forms-rt-222.4459.24.jar
https://cache-redirector.jetbrains.com/www.jetbrains.com/intellij-repository/releases/com/jetbrains/intellij/java/java-gui-forms-rt/222.4459.24/java-gui-forms-rt-222.4459.24.pom
https://cache-redirector.jetbrains.com/www.jetbrains.com/intellij-repository/releases/com/jetbrains/intellij/platform/util-jdom/222.4459.24/util-jdom-222.4459.24.jar
https://cache-redirector.jetbrains.com/www.jetbrains.com/intellij-repository/releases/com/jetbrains/intellij/platform/util-jdom/222.4459.24/util-jdom-222.4459.24.pom
https://dl.google.com/dl/android/maven2/androidx/test/uiautomator/uiautomator/2.2.0/uiautomator-2.2.0.aar
https://dl.google.com/dl/android/maven2/androidx/test/uiautomator/uiautomator/2.2.0/uiautomator-2.2.0.pom
https://jitpack.io/com/github/stepango/aar2jar/build/31c2b585b10b23365d73ded239b979881b8a9065/build-31c2b585b10b23365d73ded239b979881b8a9065.jar
https://jitpack.io/com/github/stepango/aar2jar/build/31c2b585b10b23365d73ded239b979881b8a9065/build-31c2b585b10b23365d73ded239b979881b8a9065.module
https://jitpack.io/com/github/stepango/aar2jar/build/31c2b585b10b23365d73ded239b979881b8a9065/build-31c2b585b10b23365d73ded239b979881b8a9065.pom
https://jitpack.io/com/github/TarCV/beanshell/beanshell/5e2cc2f240eaec2d7d9c9b745aa3a5d04bc8fa2c/beanshell-5e2cc2f240eaec2d7d9c9b745aa3a5d04bc8fa2c.pom
https://jitpack.io/com/github/TarCV/beanshell/bsh/5e2cc2f240eaec2d7d9c9b745aa3a5d04bc8fa2c/bsh-5e2cc2f240eaec2d7d9c9b745aa3a5d04bc8fa2c.jar
https://jitpack.io/com/github/TarCV/beanshell/bsh/5e2cc2f240eaec2d7d9c9b745aa3a5d04bc8fa2c/bsh-5e2cc2f240eaec2d7d9c9b745aa3a5d04bc8fa2c.pom
https://jitpack.io/com/github/TarCV/u4j-regex/67352f493146a4436c340c294a3f680a3281dde3/u4j-regex-67352f493146a4436c340c294a3f680a3281dde3.jar
https://jitpack.io/com/github/TarCV/u4j-regex/67352f493146a4436c340c294a3f680a3281dde3/u4j-regex-67352f493146a4436c340c294a3f680a3281dde3.module
https://jitpack.io/com/github/TarCV/u4j-regex/67352f493146a4436c340c294a3f680a3281dde3/u4j-regex-67352f493146a4436c340c294a3f680a3281dde3.pom
https://plugins.gradle.org/m2/com/fasterxml/jackson/core/jackson-annotations/2.16.0/jackson-annotations-2.16.0.jar
https://plugins.gradle.org/m2/com/fasterxml/jackson/core/jackson-annotations/2.16.0/jackson-annotations-2.16.0.module
https://plugins.gradle.org/m2/com/fasterxml/jackson/core/jackson-annotations/2.16.0/jackson-annotations-2.16.0.pom
https://plugins.gradle.org/m2/com/fasterxml/jackson/core/jackson-core/2.16.0/jackson-core-2.16.0.jar
https://plugins.gradle.org/m2/com/fasterxml/jackson/core/jackson-core/2.16.0/jackson-core-2.16.0.module
https://plugins.gradle.org/m2/com/fasterxml/jackson/core/jackson-core/2.16.0/jackson-core-2.16.0.pom
https://plugins.gradle.org/m2/com/fasterxml/jackson/core/jackson-databind/2.16.0/jackson-databind-2.16.0.jar
https://plugins.gradle.org/m2/com/fasterxml/jackson/core/jackson-databind/2.16.0/jackson-databind-2.16.0.module
https://plugins.gradle.org/m2/com/fasterxml/jackson/core/jackson-databind/2.16.0/jackson-databind-2.16.0.pom
https://plugins.gradle.org/m2/com/fasterxml/jackson/jackson-base/2.14.2/jackson-base-2.14.2.pom
https://plugins.gradle.org/m2/com/fasterxml/jackson/jackson-base/2.16.0/jackson-base-2.16.0.pom
https://plugins.gradle.org/m2/com/fasterxml/jackson/jackson-bom/2.14.2/jackson-bom-2.14.2.pom
https://plugins.gradle.org/m2/com/fasterxml/jackson/jackson-bom/2.16.0/jackson-bom-2.16.0.pom
https://plugins.gradle.org/m2/com/fasterxml/jackson/jackson-parent/2.14/jackson-parent-2.14.pom
https://plugins.gradle.org/m2/com/fasterxml/jackson/jackson-parent/2.16/jackson-parent-2.16.pom
https://plugins.gradle.org/m2/com/fasterxml/jackson/module/jackson-module-kotlin/2.14.2/jackson-module-kotlin-2.14.2.module
https://plugins.gradle.org/m2/com/fasterxml/jackson/module/jackson-module-kotlin/2.14.2/jackson-module-kotlin-2.14.2.pom
https://plugins.gradle.org/m2/com/fasterxml/jackson/module/jackson-module-kotlin/2.16.0/jackson-module-kotlin-2.16.0.jar
https://plugins.gradle.org/m2/com/fasterxml/jackson/module/jackson-module-kotlin/2.16.0/jackson-module-kotlin-2.16.0.module
https://plugins.gradle.org/m2/com/fasterxml/jackson/module/jackson-module-kotlin/2.16.0/jackson-module-kotlin-2.16.0.pom
https://plugins.gradle.org/m2/com/fasterxml/oss-parent/48/oss-parent-48.pom
https://plugins.gradle.org/m2/com/fasterxml/oss-parent/56/oss-parent-56.pom
https://plugins.gradle.org/m2/com/google/code/findbugs/jsr305/3.0.2/jsr305-3.0.2.jar
https://plugins.gradle.org/m2/com/google/code/findbugs/jsr305/3.0.2/jsr305-3.0.2.pom
https://plugins.gradle.org/m2/com/google/code/gson/gson/2.10.1/gson-2.10.1.jar
https://plugins.gradle.org/m2/com/google/code/gson/gson/2.10.1/gson-2.10.1.pom
https://plugins.gradle.org/m2/com/google/code/gson/gson-parent/2.10.1/gson-parent-2.10.1.pom
https://plugins.gradle.org/m2/com/googlecode/plist/dd-plist/1.28/dd-plist-1.28.jar
https://plugins.gradle.org/m2/com/googlecode/plist/dd-plist/1.28/dd-plist-1.28.pom
https://plugins.gradle.org/m2/com/google/errorprone/error_prone_annotations/2.3.4/error_prone_annotations-2.3.4.jar
https://plugins.gradle.org/m2/com/google/errorprone/error_prone_annotations/2.3.4/error_prone_annotations-2.3.4.pom
https://plugins.gradle.org/m2/com/google/errorprone/error_prone_parent/2.3.4/error_prone_parent-2.3.4.pom
https://plugins.gradle.org/m2/com/google/guava/failureaccess/1.0.1/failureaccess-1.0.1.jar
https://plugins.gradle.org/m2/com/google/guava/failureaccess/1.0.1/failureaccess-1.0.1.pom
https://plugins.gradle.org/m2/com/google/guava/guava/28.2-jre/guava-28.2-jre.jar
https://plugins.gradle.org/m2/com/google/guava/guava/28.2-jre/guava-28.2-jre.pom
https://plugins.gradle.org/m2/com/google/guava/guava-parent/26.0-android/guava-parent-26.0-android.pom
https://plugins.gradle.org/m2/com/google/guava/guava-parent/28.2-jre/guava-parent-28.2-jre.pom
https://plugins.gradle.org/m2/com/google/guava/listenablefuture/9999.0-empty-to-avoid-conflict-with-guava/listenablefuture-9999.0-empty-to-avoid-conflict-with-guava.jar
https://plugins.gradle.org/m2/com/google/guava/listenablefuture/9999.0-empty-to-avoid-conflict-with-guava/listenablefuture-9999.0-empty-to-avoid-conflict-with-guava.pom
https://plugins.gradle.org/m2/com/google/j2objc/j2objc-annotations/1.3/j2objc-annotations-1.3.jar
https://plugins.gradle.org/m2/com/google/j2objc/j2objc-annotations/1.3/j2objc-annotations-1.3.pom
https://plugins.gradle.org/m2/commons-io/commons-io/2.12.0/commons-io-2.12.0.pom
https://plugins.gradle.org/m2/commons-io/commons-io/2.15.1/commons-io-2.15.1.jar
https://plugins.gradle.org/m2/commons-io/commons-io/2.15.1/commons-io-2.15.1.pom
https://plugins.gradle.org/m2/com/squareup/okhttp3/okhttp/4.4.1/okhttp-4.4.1.jar
https://plugins.gradle.org/m2/com/squareup/okhttp3/okhttp/4.4.1/okhttp-4.4.1.module
https://plugins.gradle.org/m2/com/squareup/okhttp3/okhttp/4.4.1/okhttp-4.4.1.pom
https://plugins.gradle.org/m2/com/squareup/okio/okio/2.4.3/okio-2.4.3.jar
https://plugins.gradle.org/m2/com/squareup/okio/okio/2.4.3/okio-2.4.3.module
https://plugins.gradle.org/m2/com/squareup/okio/okio/2.4.3/okio-2.4.3.pom
https://plugins.gradle.org/m2/com/squareup/retrofit2/converter-jackson/2.9.0/converter-jackson-2.9.0.jar
https://plugins.gradle.org/m2/com/squareup/retrofit2/converter-jackson/2.9.0/converter-jackson-2.9.0.pom
https://plugins.gradle.org/m2/com/squareup/retrofit2/converter-jaxb/2.9.0/converter-jaxb-2.9.0.jar
https://plugins.gradle.org/m2/com/squareup/retrofit2/converter-jaxb/2.9.0/converter-jaxb-2.9.0.pom
https://plugins.gradle.org/m2/com/squareup/retrofit2/retrofit/2.10.0/retrofit-2.10.0.jar
https://plugins.gradle.org/m2/com/squareup/retrofit2/retrofit/2.10.0/retrofit-2.10.0.module
https://plugins.gradle.org/m2/com/squareup/retrofit2/retrofit/2.10.0/retrofit-2.10.0.pom
https://plugins.gradle.org/m2/com/sun/activation/all/1.2.0/all-1.2.0.pom
https://plugins.gradle.org/m2/com/sun/istack/istack-commons/3.0.7/istack-commons-3.0.7.pom
https://plugins.gradle.org/m2/com/sun/istack/istack-commons-runtime/3.0.7/istack-commons-runtime-3.0.7.jar
https://plugins.gradle.org/m2/com/sun/istack/istack-commons-runtime/3.0.7/istack-commons-runtime-3.0.7.pom
https://plugins.gradle.org/m2/com/sun/xml/bind/jaxb-bom-ext/2.3.0/jaxb-bom-ext-2.3.0.pom
https://plugins.gradle.org/m2/com/sun/xml/bind/jaxb-bom-ext/2.3.1/jaxb-bom-ext-2.3.1.pom
https://plugins.gradle.org/m2/com/sun/xml/bind/jaxb-bom-ext/2.3.2/jaxb-bom-ext-2.3.2.pom
https://plugins.gradle.org/m2/com/sun/xml/bind/jaxb-core/2.3.0/jaxb-core-2.3.0.jar
https://plugins.gradle.org/m2/com/sun/xml/bind/jaxb-core/2.3.0/jaxb-core-2.3.0.pom
https://plugins.gradle.org/m2/com/sun/xml/bind/jaxb-impl/2.3.2/jaxb-impl-2.3.2.jar
https://plugins.gradle.org/m2/com/sun/xml/bind/jaxb-impl/2.3.2/jaxb-impl-2.3.2.pom
https://plugins.gradle.org/m2/com/sun/xml/bind/mvn/jaxb-bundles/2.3.0/jaxb-bundles-2.3.0.pom
https://plugins.gradle.org/m2/com/sun/xml/bind/mvn/jaxb-bundles/2.3.2/jaxb-bundles-2.3.2.pom
https://plugins.gradle.org/m2/com/sun/xml/bind/mvn/jaxb-parent/2.3.0/jaxb-parent-2.3.0.pom
https://plugins.gradle.org/m2/com/sun/xml/bind/mvn/jaxb-parent/2.3.1/jaxb-parent-2.3.1.pom
https://plugins.gradle.org/m2/com/sun/xml/bind/mvn/jaxb-parent/2.3.2/jaxb-parent-2.3.2.pom
https://plugins.gradle.org/m2/com/sun/xml/bind/mvn/jaxb-runtime-parent/2.3.1/jaxb-runtime-parent-2.3.1.pom
https://plugins.gradle.org/m2/com/sun/xml/bind/mvn/jaxb-txw-parent/2.3.1/jaxb-txw-parent-2.3.1.pom
https://plugins.gradle.org/m2/com/sun/xml/fastinfoset/FastInfoset/1.2.15/FastInfoset-1.2.15.jar
https://plugins.gradle.org/m2/com/sun/xml/fastinfoset/FastInfoset/1.2.15/FastInfoset-1.2.15.pom
https://plugins.gradle.org/m2/com/sun/xml/fastinfoset/fastinfoset-project/1.2.15/fastinfoset-project-1.2.15.pom
https://plugins.gradle.org/m2/gradle/plugin/org/jetbrains/gradle/plugin/idea-ext/gradle-idea-ext/1.1.8/gradle-idea-ext-1.1.8.jar
https://plugins.gradle.org/m2/gradle/plugin/org/jetbrains/gradle/plugin/idea-ext/gradle-idea-ext/1.1.8/gradle-idea-ext-1.1.8.pom
https://plugins.gradle.org/m2/javax/activation/javax.activation-api/1.2.0/javax.activation-api-1.2.0.jar
https://plugins.gradle.org/m2/javax/activation/javax.activation-api/1.2.0/javax.activation-api-1.2.0.pom
https://plugins.gradle.org/m2/javax/xml/bind/jaxb-api/2.4.0-b180830.0359/jaxb-api-2.4.0-b180830.0359.jar
https://plugins.gradle.org/m2/javax/xml/bind/jaxb-api/2.4.0-b180830.0359/jaxb-api-2.4.0-b180830.0359.pom
https://plugins.gradle.org/m2/javax/xml/bind/jaxb-api-parent/2.4.0-b180830.0359/jaxb-api-parent-2.4.0-b180830.0359.pom
https://plugins.gradle.org/m2/net/java/jvnet-parent/1/jvnet-parent-1.pom
https://plugins.gradle.org/m2/net/java/jvnet-parent/5/jvnet-parent-5.pom
https://plugins.gradle.org/m2/org/apache/apache/17/apache-17.pom
https://plugins.gradle.org/m2/org/apache/apache/29/apache-29.pom
https://plugins.gradle.org/m2/org/apache/apache/30/apache-30.pom
https://plugins.gradle.org/m2/org/apache/apache/31/apache-31.pom
https://plugins.gradle.org/m2/org/apache/commons/commons-compress/1.26.0/commons-compress-1.26.0.jar
https://plugins.gradle.org/m2/org/apache/commons/commons-compress/1.26.0/commons-compress-1.26.0.pom
https://plugins.gradle.org/m2/org/apache/commons/commons-lang3/3.14.0/commons-lang3-3.14.0.jar
https://plugins.gradle.org/m2/org/apache/commons/commons-lang3/3.14.0/commons-lang3-3.14.0.pom
https://plugins.gradle.org/m2/org/apache/commons/commons-parent/57/commons-parent-57.pom
https://plugins.gradle.org/m2/org/apache/commons/commons-parent/64/commons-parent-64.pom
https://plugins.gradle.org/m2/org/apache/commons/commons-parent/65/commons-parent-65.pom
https://plugins.gradle.org/m2/org/apache/commons/commons-parent/66/commons-parent-66.pom
https://plugins.gradle.org/m2/org/atteo/evo-inflector/1.3/evo-inflector-1.3.jar
https://plugins.gradle.org/m2/org/atteo/evo-inflector/1.3/evo-inflector-1.3.pom
https://plugins.gradle.org/m2/org/atteo/parent/1.19/parent-1.19.pom
https://plugins.gradle.org/m2/org/checkerframework/checker-qual/2.10.0/checker-qual-2.10.0.jar
https://plugins.gradle.org/m2/org/checkerframework/checker-qual/2.10.0/checker-qual-2.10.0.pom
https://plugins.gradle.org/m2/org/eclipse/ee4j/project/1.0.5/project-1.0.5.pom
https://plugins.gradle.org/m2/org/freemarker/freemarker/2.3.32/freemarker-2.3.32.jar
https://plugins.gradle.org/m2/org/freemarker/freemarker/2.3.32/freemarker-2.3.32.pom
https://plugins.gradle.org/m2/org/glassfish/jaxb/jaxb-bom/2.3.0/jaxb-bom-2.3.0.pom
https://plugins.gradle.org/m2/org/glassfish/jaxb/jaxb-bom/2.3.1/jaxb-bom-2.3.1.pom
https://plugins.gradle.org/m2/org/glassfish/jaxb/jaxb-bom/2.3.2/jaxb-bom-2.3.2.pom
https://plugins.gradle.org/m2/org/glassfish/jaxb/jaxb-runtime/2.3.1/jaxb-runtime-2.3.1.jar
https://plugins.gradle.org/m2/org/glassfish/jaxb/jaxb-runtime/2.3.1/jaxb-runtime-2.3.1.pom
https://plugins.gradle.org/m2/org/glassfish/jaxb/txw2/2.3.1/txw2-2.3.1.jar
https://plugins.gradle.org/m2/org/glassfish/jaxb/txw2/2.3.1/txw2-2.3.1.pom
https://plugins.gradle.org/m2/org/jdom/jdom2/2.0.6.1/jdom2-2.0.6.1.jar
https://plugins.gradle.org/m2/org/jdom/jdom2/2.0.6.1/jdom2-2.0.6.1.pom
https://plugins.gradle.org/m2/org/jetbrains/annotations/13.0/annotations-13.0.jar
https://plugins.gradle.org/m2/org/jetbrains/annotations/13.0/annotations-13.0.pom
https://plugins.gradle.org/m2/org/jetbrains/changelog/org.jetbrains.changelog.gradle.plugin/2.2.0/org.jetbrains.changelog.gradle.plugin-2.2.0.pom
https://plugins.gradle.org/m2/org/jetbrains/intellij/blockmap/1.0.5/blockmap-1.0.5.jar
https://plugins.gradle.org/m2/org/jetbrains/intellij/blockmap/1.0.5/blockmap-1.0.5.module
https://plugins.gradle.org/m2/org/jetbrains/intellij/blockmap/1.0.5/blockmap-1.0.5.pom
https://plugins.gradle.org/m2/org/jetbrains/intellij/deps/coverage-report/1.0.23/coverage-report-1.0.23.jar
https://plugins.gradle.org/m2/org/jetbrains/intellij/deps/coverage-report/1.0.23/coverage-report-1.0.23.pom
https://plugins.gradle.org/m2/org/jetbrains/intellij/deps/intellij-coverage-agent/1.0.754/intellij-coverage-agent-1.0.754.jar
https://plugins.gradle.org/m2/org/jetbrains/intellij/deps/intellij-coverage-agent/1.0.754/intellij-coverage-agent-1.0.754.pom
https://plugins.gradle.org/m2/org/jetbrains/intellij/deps/intellij-coverage-reporter/1.0.754/intellij-coverage-reporter-1.0.754.jar
https://plugins.gradle.org/m2/org/jetbrains/intellij/deps/intellij-coverage-reporter/1.0.754/intellij-coverage-reporter-1.0.754.pom
https://plugins.gradle.org/m2/org/jetbrains/intellij/deps/trove4j/1.0.20200330/trove4j-1.0.20200330.jar
https://plugins.gradle.org/m2/org/jetbrains/intellij/deps/trove4j/1.0.20200330/trove4j-1.0.20200330.pom
https://plugins.gradle.org/m2/org/jetbrains/intellij/org.jetbrains.intellij.gradle.plugin/1.17.4/org.jetbrains.intellij.gradle.plugin-1.17.4.pom
https://plugins.gradle.org/m2/org/jetbrains/intellij/plugin-repository-rest-client/2.0.39/plugin-repository-rest-client-2.0.39.jar
https://plugins.gradle.org/m2/org/jetbrains/intellij/plugin-repository-rest-client/2.0.39/plugin-repository-rest-client-2.0.39.module
https://plugins.gradle.org/m2/org/jetbrains/intellij/plugin-repository-rest-client/2.0.39/plugin-repository-rest-client-2.0.39.pom
https://plugins.gradle.org/m2/org/jetbrains/intellij/plugins/gradle-changelog-plugin/2.2.0/gradle-changelog-plugin-2.2.0.jar
https://plugins.gradle.org/m2/org/jetbrains/intellij/plugins/gradle-changelog-plugin/2.2.0/gradle-changelog-plugin-2.2.0.module
https://plugins.gradle.org/m2/org/jetbrains/intellij/plugins/gradle-changelog-plugin/2.2.0/gradle-changelog-plugin-2.2.0.pom
https://plugins.gradle.org/m2/org/jetbrains/intellij/plugins/gradle-intellij-plugin/1.17.4/gradle-intellij-plugin-1.17.4.jar
https://plugins.gradle.org/m2/org/jetbrains/intellij/plugins/gradle-intellij-plugin/1.17.4/gradle-intellij-plugin-1.17.4.module
https://plugins.gradle.org/m2/org/jetbrains/intellij/plugins/gradle-intellij-plugin/1.17.4/gradle-intellij-plugin-1.17.4.pom
https://plugins.gradle.org/m2/org/jetbrains/intellij/plugins/structure-base/3.269/structure-base-3.269.jar
https://plugins.gradle.org/m2/org/jetbrains/intellij/plugins/structure-base/3.269/structure-base-3.269.module
https://plugins.gradle.org/m2/org/jetbrains/intellij/plugins/structure-base/3.269/structure-base-3.269.pom
https://plugins.gradle.org/m2/org/jetbrains/intellij/plugins/structure-intellij/3.269/structure-intellij-3.269.jar
https://plugins.gradle.org/m2/org/jetbrains/intellij/plugins/structure-intellij/3.269/structure-intellij-3.269.module
https://plugins.gradle.org/m2/org/jetbrains/intellij/plugins/structure-intellij/3.269/structure-intellij-3.269.pom
https://plugins.gradle.org/m2/org/jetbrains/kotlin/jvm/org.jetbrains.kotlin.jvm.gradle.plugin/1.9.24/org.jetbrains.kotlin.jvm.gradle.plugin-1.9.24.pom
https://plugins.gradle.org/m2/org/jetbrains/kotlin/kotlin-android-extensions/1.9.24/kotlin-android-extensions-1.9.24.jar
https://plugins.gradle.org/m2/org/jetbrains/kotlin/kotlin-android-extensions/1.9.24/kotlin-android-extensions-1.9.24.pom
https://plugins.gradle.org/m2/org/jetbrains/kotlin/kotlin-build-tools-api/1.9.24/kotlin-build-tools-api-1.9.24.jar
https://plugins.gradle.org/m2/org/jetbrains/kotlin/kotlin-build-tools-api/1.9.24/kotlin-build-tools-api-1.9.24.pom
https://plugins.gradle.org/m2/org/jetbrains/kotlin/kotlin-compiler-embeddable/1.9.24/kotlin-compiler-embeddable-1.9.24.jar
https://plugins.gradle.org/m2/org/jetbrains/kotlin/kotlin-compiler-embeddable/1.9.24/kotlin-compiler-embeddable-1.9.24.pom
https://plugins.gradle.org/m2/org/jetbrains/kotlin/kotlin-compiler-runner/1.9.24/kotlin-compiler-runner-1.9.24.jar
https://plugins.gradle.org/m2/org/jetbrains/kotlin/kotlin-compiler-runner/1.9.24/kotlin-compiler-runner-1.9.24.pom
https://plugins.gradle.org/m2/org/jetbrains/kotlin/kotlin-daemon-client/1.9.24/kotlin-daemon-client-1.9.24.jar
https://plugins.gradle.org/m2/org/jetbrains/kotlin/kotlin-daemon-client/1.9.24/kotlin-daemon-client-1.9.24.pom
https://plugins.gradle.org/m2/org/jetbrains/kotlin/kotlin-daemon-embeddable/1.9.24/kotlin-daemon-embeddable-1.9.24.jar
https://plugins.gradle.org/m2/org/jetbrains/kotlin/kotlin-daemon-embeddable/1.9.24/kotlin-daemon-embeddable-1.9.24.pom
https://plugins.gradle.org/m2/org/jetbrains/kotlin/kotlin-gradle-plugin/1.9.24/kotlin-gradle-plugin-1.9.24-gradle82.jar
https://plugins.gradle.org/m2/org/jetbrains/kotlin/kotlin-gradle-plugin/1.9.24/kotlin-gradle-plugin-1.9.24.module
https://plugins.gradle.org/m2/org/jetbrains/kotlin/kotlin-gradle-plugin/1.9.24/kotlin-gradle-plugin-1.9.24.pom
https://plugins.gradle.org/m2/org/jetbrains/kotlin/kotlin-gradle-plugin-annotations/1.9.24/kotlin-gradle-plugin-annotations-1.9.24.jar
https://plugins.gradle.org/m2/org/jetbrains/kotlin/kotlin-gradle-plugin-annotations/1.9.24/kotlin-gradle-plugin-annotations-1.9.24.pom
https://plugins.gradle.org/m2/org/jetbrains/kotlin/kotlin-gradle-plugin-api/1.9.24/kotlin-gradle-plugin-api-1.9.24.jar
https://plugins.gradle.org/m2/org/jetbrains/kotlin/kotlin-gradle-plugin-api/1.9.24/kotlin-gradle-plugin-api-1.9.24.module
https://plugins.gradle.org/m2/org/jetbrains/kotlin/kotlin-gradle-plugin-api/1.9.24/kotlin-gradle-plugin-api-1.9.24.pom
https://plugins.gradle.org/m2/org/jetbrains/kotlin/kotlin-gradle-plugin-idea/1.9.24/kotlin-gradle-plugin-idea-1.9.24.jar
https://plugins.gradle.org/m2/org/jetbrains/kotlin/kotlin-gradle-plugin-idea/1.9.24/kotlin-gradle-plugin-idea-1.9.24.module
https://plugins.gradle.org/m2/org/jetbrains/kotlin/kotlin-gradle-plugin-idea/1.9.24/kotlin-gradle-plugin-idea-1.9.24.pom
https://plugins.gradle.org/m2/org/jetbrains/kotlin/kotlin-gradle-plugin-idea-proto/1.9.24/kotlin-gradle-plugin-idea-proto-1.9.24.jar
https://plugins.gradle.org/m2/org/jetbrains/kotlin/kotlin-gradle-plugin-idea-proto/1.9.24/kotlin-gradle-plugin-idea-proto-1.9.24.pom
https://plugins.gradle.org/m2/org/jetbrains/kotlin/kotlin-gradle-plugin-model/1.9.24/kotlin-gradle-plugin-model-1.9.24.jar
https://plugins.gradle.org/m2/org/jetbrains/kotlin/kotlin-gradle-plugin-model/1.9.24/kotlin-gradle-plugin-model-1.9.24.module
https://plugins.gradle.org/m2/org/jetbrains/kotlin/kotlin-gradle-plugin-model/1.9.24/kotlin-gradle-plugin-model-1.9.24.pom
https://plugins.gradle.org/m2/org/jetbrains/kotlin/kotlin-gradle-plugins-bom/1.9.24/kotlin-gradle-plugins-bom-1.9.24.module
https://plugins.gradle.org/m2/org/jetbrains/kotlin/kotlin-gradle-plugins-bom/1.9.24/kotlin-gradle-plugins-bom-1.9.24.pom
https://plugins.gradle.org/m2/org/jetbrains/kotlin/kotlin-klib-commonizer-api/1.9.24/kotlin-klib-commonizer-api-1.9.24.jar
https://plugins.gradle.org/m2/org/jetbrains/kotlin/kotlin-klib-commonizer-api/1.9.24/kotlin-klib-commonizer-api-1.9.24.pom
https://plugins.gradle.org/m2/org/jetbrains/kotlin/kotlin-native-utils/1.9.24/kotlin-native-utils-1.9.24.jar
https://plugins.gradle.org/m2/org/jetbrains/kotlin/kotlin-native-utils/1.9.24/kotlin-native-utils-1.9.24.pom
https://plugins.gradle.org/m2/org/jetbrains/kotlin/kotlin-project-model/1.9.24/kotlin-project-model-1.9.24.jar
https://plugins.gradle.org/m2/org/jetbrains/kotlin/kotlin-project-model/1.9.24/kotlin-project-model-1.9.24.pom
https://plugins.gradle.org/m2/org/jetbrains/kotlin/kotlin-scripting-common/1.9.24/kotlin-scripting-common-1.9.24.jar
https://plugins.gradle.org/m2/org/jetbrains/kotlin/kotlin-scripting-common/1.9.24/kotlin-scripting-common-1.9.24.pom
https://plugins.gradle.org/m2/org/jetbrains/kotlin/kotlin-scripting-compiler-embeddable/1.9.24/kotlin-scripting-compiler-embeddable-1.9.24.jar
https://plugins.gradle.org/m2/org/jetbrains/kotlin/kotlin-scripting-compiler-embeddable/1.9.24/kotlin-scripting-compiler-embeddable-1.9.24.pom
https://plugins.gradle.org/m2/org/jetbrains/kotlin/kotlin-scripting-compiler-impl-embeddable/1.9.24/kotlin-scripting-compiler-impl-embeddable-1.9.24.jar
https://plugins.gradle.org/m2/org/jetbrains/kotlin/kotlin-scripting-compiler-impl-embeddable/1.9.24/kotlin-scripting-compiler-impl-embeddable-1.9.24.pom
https://plugins.gradle.org/m2/org/jetbrains/kotlin/kotlin-scripting-jvm/1.9.24/kotlin-scripting-jvm-1.9.24.jar
https://plugins.gradle.org/m2/org/jetbrains/kotlin/kotlin-scripting-jvm/1.9.24/kotlin-scripting-jvm-1.9.24.pom
https://plugins.gradle.org/m2/org/jetbrains/kotlin/kotlin-stdlib/1.9.22/kotlin-stdlib-1.9.22.jar
https://plugins.gradle.org/m2/org/jetbrains/kotlin/kotlin-stdlib/1.9.22/kotlin-stdlib-1.9.22.module
https://plugins.gradle.org/m2/org/jetbrains/kotlin/kotlin-stdlib/1.9.22/kotlin-stdlib-1.9.22.pom
https://plugins.gradle.org/m2/org/jetbrains/kotlin/kotlin-stdlib-common/1.9.22/kotlin-stdlib-common-1.9.22.module
https://plugins.gradle.org/m2/org/jetbrains/kotlin/kotlin-stdlib-common/1.9.22/kotlin-stdlib-common-1.9.22.pom
https://plugins.gradle.org/m2/org/jetbrains/kotlin/kotlin-stdlib-jdk7/1.5.21/kotlin-stdlib-jdk7-1.5.21.pom
https://plugins.gradle.org/m2/org/jetbrains/kotlin/kotlin-stdlib-jdk7/1.8.0/kotlin-stdlib-jdk7-1.8.0.jar
https://plugins.gradle.org/m2/org/jetbrains/kotlin/kotlin-stdlib-jdk7/1.8.0/kotlin-stdlib-jdk7-1.8.0.pom
https://plugins.gradle.org/m2/org/jetbrains/kotlin/kotlin-stdlib-jdk8/1.5.21/kotlin-stdlib-jdk8-1.5.21.pom
https://plugins.gradle.org/m2/org/jetbrains/kotlin/kotlin-stdlib-jdk8/1.8.0/kotlin-stdlib-jdk8-1.8.0.jar
https://plugins.gradle.org/m2/org/jetbrains/kotlin/kotlin-stdlib-jdk8/1.8.0/kotlin-stdlib-jdk8-1.8.0.pom
https://plugins.gradle.org/m2/org/jetbrains/kotlin/kotlin-tooling-core/1.9.24/kotlin-tooling-core-1.9.24.jar
https://plugins.gradle.org/m2/org/jetbrains/kotlin/kotlin-tooling-core/1.9.24/kotlin-tooling-core-1.9.24.pom
https://plugins.gradle.org/m2/org/jetbrains/kotlin/kotlin-util-io/1.9.24/kotlin-util-io-1.9.24.jar
https://plugins.gradle.org/m2/org/jetbrains/kotlin/kotlin-util-io/1.9.24/kotlin-util-io-1.9.24.pom
https://plugins.gradle.org/m2/org/jetbrains/kotlin/kotlin-util-klib/1.9.24/kotlin-util-klib-1.9.24.jar
https://plugins.gradle.org/m2/org/jetbrains/kotlin/kotlin-util-klib/1.9.24/kotlin-util-klib-1.9.24.pom
https://plugins.gradle.org/m2/org/jetbrains/kotlinx/kotlinx-coroutines-core-jvm/1.5.0/kotlinx-coroutines-core-jvm-1.5.0.jar
https://plugins.gradle.org/m2/org/jetbrains/kotlinx/kotlinx-coroutines-core-jvm/1.5.0/kotlinx-coroutines-core-jvm-1.5.0.module
https://plugins.gradle.org/m2/org/jetbrains/kotlinx/kotlinx-coroutines-core-jvm/1.5.0/kotlinx-coroutines-core-jvm-1.5.0.pom
https://plugins.gradle.org/m2/org/jetbrains/kotlinx/kotlinx-serialization-bom/1.6.3/kotlinx-serialization-bom-1.6.3.pom
https://plugins.gradle.org/m2/org/jetbrains/kotlinx/kotlinx-serialization-core/1.6.3/kotlinx-serialization-core-1.6.3.module
https://plugins.gradle.org/m2/org/jetbrains/kotlinx/kotlinx-serialization-core/1.6.3/kotlinx-serialization-core-1.6.3.pom
https://plugins.gradle.org/m2/org/jetbrains/kotlinx/kotlinx-serialization-core-jvm/1.6.3/kotlinx-serialization-core-jvm-1.6.3.jar
https://plugins.gradle.org/m2/org/jetbrains/kotlinx/kotlinx-serialization-core-jvm/1.6.3/kotlinx-serialization-core-jvm-1.6.3.module
https://plugins.gradle.org/m2/org/jetbrains/kotlinx/kotlinx-serialization-core-jvm/1.6.3/kotlinx-serialization-core-jvm-1.6.3.pom
https://plugins.gradle.org/m2/org/jetbrains/kotlinx/kotlinx-serialization-json/1.6.3/kotlinx-serialization-json-1.6.3.module
https://plugins.gradle.org/m2/org/jetbrains/kotlinx/kotlinx-serialization-json/1.6.3/kotlinx-serialization-json-1.6.3.pom
https://plugins.gradle.org/m2/org/jetbrains/kotlinx/kotlinx-serialization-json-jvm/1.6.3/kotlinx-serialization-json-jvm-1.6.3.jar
https://plugins.gradle.org/m2/org/jetbrains/kotlinx/kotlinx-serialization-json-jvm/1.6.3/kotlinx-serialization-json-jvm-1.6.3.module
https://plugins.gradle.org/m2/org/jetbrains/kotlinx/kotlinx-serialization-json-jvm/1.6.3/kotlinx-serialization-json-jvm-1.6.3.pom
https://plugins.gradle.org/m2/org/jetbrains/kotlinx/kover-features-jvm/0.8.1/kover-features-jvm-0.8.1.jar
https://plugins.gradle.org/m2/org/jetbrains/kotlinx/kover-features-jvm/0.8.1/kover-features-jvm-0.8.1.module
https://plugins.gradle.org/m2/org/jetbrains/kotlinx/kover-features-jvm/0.8.1/kover-features-jvm-0.8.1.pom
https://plugins.gradle.org/m2/org/jetbrains/kotlinx/kover-gradle-plugin/0.8.1/kover-gradle-plugin-0.8.1.jar
https://plugins.gradle.org/m2/org/jetbrains/kotlinx/kover-gradle-plugin/0.8.1/kover-gradle-plugin-0.8.1.module
https://plugins.gradle.org/m2/org/jetbrains/kotlinx/kover-gradle-plugin/0.8.1/kover-gradle-plugin-0.8.1.pom
https://plugins.gradle.org/m2/org/jetbrains/kotlinx/kover/org.jetbrains.kotlinx.kover.gradle.plugin/0.8.1/org.jetbrains.kotlinx.kover.gradle.plugin-0.8.1.pom
https://plugins.gradle.org/m2/org/jetbrains/markdown/0.5.0/markdown-0.5.0.module
https://plugins.gradle.org/m2/org/jetbrains/markdown/0.5.0/markdown-0.5.0.pom
https://plugins.gradle.org/m2/org/jetbrains/markdown-jvm/0.5.0/markdown-jvm-0.5.0.jar
https://plugins.gradle.org/m2/org/jetbrains/markdown-jvm/0.5.0/markdown-jvm-0.5.0.module
https://plugins.gradle.org/m2/org/jetbrains/markdown-jvm/0.5.0/markdown-jvm-0.5.0.pom
https://plugins.gradle.org/m2/org/jetbrains/qodana/org.jetbrains.qodana.gradle.plugin/2024.1.5/org.jetbrains.qodana.gradle.plugin-2024.1.5.pom
https://plugins.gradle.org/m2/org/jetbrains/qodana/qodana/2024.1.5/qodana-2024.1.5.jar
https://plugins.gradle.org/m2/org/jetbrains/qodana/qodana/2024.1.5/qodana-2024.1.5.module
https://plugins.gradle.org/m2/org/jetbrains/qodana/qodana/2024.1.5/qodana-2024.1.5.pom
https://plugins.gradle.org/m2/org/jsoup/jsoup/1.16.1/jsoup-1.16.1.jar
https://plugins.gradle.org/m2/org/jsoup/jsoup/1.16.1/jsoup-1.16.1.pom
https://plugins.gradle.org/m2/org/junit/junit-bom/5.10.0/junit-bom-5.10.0.module
https://plugins.gradle.org/m2/org/junit/junit-bom/5.10.0/junit-bom-5.10.0.pom
https://plugins.gradle.org/m2/org/junit/junit-bom/5.10.1/junit-bom-5.10.1.module
https://plugins.gradle.org/m2/org/junit/junit-bom/5.10.1/junit-bom-5.10.1.pom
https://plugins.gradle.org/m2/org/junit/junit-bom/5.9.2/junit-bom-5.9.2.module
https://plugins.gradle.org/m2/org/junit/junit-bom/5.9.2/junit-bom-5.9.2.pom
https://plugins.gradle.org/m2/org/junit/junit-bom/5.9.3/junit-bom-5.9.3.module
https://plugins.gradle.org/m2/org/junit/junit-bom/5.9.3/junit-bom-5.9.3.pom
https://plugins.gradle.org/m2/org/jvnet/staxex/stax-ex/1.8/stax-ex-1.8.jar
https://plugins.gradle.org/m2/org/jvnet/staxex/stax-ex/1.8/stax-ex-1.8.pom
https://plugins.gradle.org/m2/org/slf4j/slf4j-api/2.0.7/slf4j-api-2.0.7.jar
https://plugins.gradle.org/m2/org/slf4j/slf4j-api/2.0.7/slf4j-api-2.0.7.pom
https://plugins.gradle.org/m2/org/slf4j/slf4j-parent/2.0.7/slf4j-parent-2.0.7.pom
https://plugins.gradle.org/m2/org/sonatype/oss/oss-parent/7/oss-parent-7.pom
https://plugins.gradle.org/m2/org/sonatype/oss/oss-parent/9/oss-parent-9.pom
https://plugins.gradle.org/m2/org/tukaani/xz/1.9/xz-1.9.jar
https://plugins.gradle.org/m2/org/tukaani/xz/1.9/xz-1.9.pom
https://plugins.gradle.org/m2/software/amazon/awssdk/aws-sdk-java-pom/2.17.188/aws-sdk-java-pom-2.17.188.pom
https://plugins.gradle.org/m2/software/amazon/awssdk/bom/2.17.188/bom-2.17.188.pom
https://repo.maven.apache.org/maven2/com/ibm/icu/icu4j/74.2/icu4j-74.2.jar
https://repo.maven.apache.org/maven2/com/ibm/icu/icu4j/74.2/icu4j-74.2.pom
https://repo.maven.apache.org/maven2/com/ibm/icu/icu4j-root/74.2/icu4j-root-74.2.pom
https://repo.maven.apache.org/maven2/jaxen/jaxen/1.2.0/jaxen-1.2.0.jar
https://repo.maven.apache.org/maven2/jaxen/jaxen/1.2.0/jaxen-1.2.0.pom
https://repo.maven.apache.org/maven2/net/jqwik/jqwik/1.8.5/jqwik-1.8.5.jar
https://repo.maven.apache.org/maven2/net/jqwik/jqwik/1.8.5/jqwik-1.8.5.module
https://repo.maven.apache.org/maven2/net/jqwik/jqwik/1.8.5/jqwik-1.8.5.pom
https://repo.maven.apache.org/maven2/net/jqwik/jqwik-api/1.8.5/jqwik-api-1.8.5.jar
https://repo.maven.apache.org/maven2/net/jqwik/jqwik-api/1.8.5/jqwik-api-1.8.5.module
https://repo.maven.apache.org/maven2/net/jqwik/jqwik-api/1.8.5/jqwik-api-1.8.5.pom
https://repo.maven.apache.org/maven2/net/jqwik/jqwik-engine/1.8.5/jqwik-engine-1.8.5.jar
https://repo.maven.apache.org/maven2/net/jqwik/jqwik-engine/1.8.5/jqwik-engine-1.8.5.module
https://repo.maven.apache.org/maven2/net/jqwik/jqwik-engine/1.8.5/jqwik-engine-1.8.5.pom
https://repo.maven.apache.org/maven2/net/jqwik/jqwik-time/1.8.5/jqwik-time-1.8.5.jar
https://repo.maven.apache.org/maven2/net/jqwik/jqwik-time/1.8.5/jqwik-time-1.8.5.module
https://repo.maven.apache.org/maven2/net/jqwik/jqwik-time/1.8.5/jqwik-time-1.8.5.pom
https://repo.maven.apache.org/maven2/net/jqwik/jqwik-web/1.8.5/jqwik-web-1.8.5.jar
https://repo.maven.apache.org/maven2/net/jqwik/jqwik-web/1.8.5/jqwik-web-1.8.5.module
https://repo.maven.apache.org/maven2/net/jqwik/jqwik-web/1.8.5/jqwik-web-1.8.5.pom
https://repo.maven.apache.org/maven2/org/apiguardian/apiguardian-api/1.1.2/apiguardian-api-1.1.2.jar
https://repo.maven.apache.org/maven2/org/apiguardian/apiguardian-api/1.1.2/apiguardian-api-1.1.2.module
https://repo.maven.apache.org/maven2/org/apiguardian/apiguardian-api/1.1.2/apiguardian-api-1.1.2.pom
https://repo.maven.apache.org/maven2/org/jetbrains/annotations/13.0/annotations-13.0.jar
https://repo.maven.apache.org/maven2/org/jetbrains/annotations/13.0/annotations-13.0.pom
https://repo.maven.apache.org/maven2/org/jetbrains/annotations/24.0.1/annotations-24.0.1.jar
https://repo.maven.apache.org/maven2/org/jetbrains/annotations/24.0.1/annotations-24.0.1.pom
https://repo.maven.apache.org/maven2/org/jetbrains/intellij/deps/trove4j/1.0.20200330/trove4j-1.0.20200330.jar
https://repo.maven.apache.org/maven2/org/jetbrains/intellij/deps/trove4j/1.0.20200330/trove4j-1.0.20200330.pom
https://repo.maven.apache.org/maven2/org/jetbrains/kotlin/kotlin-bom/1.9.24/kotlin-bom-1.9.24.pom
https://repo.maven.apache.org/maven2/org/jetbrains/kotlin/kotlin-compiler-embeddable/1.9.24/kotlin-compiler-embeddable-1.9.24.jar
https://repo.maven.apache.org/maven2/org/jetbrains/kotlin/kotlin-compiler-embeddable/1.9.24/kotlin-compiler-embeddable-1.9.24.pom
https://repo.maven.apache.org/maven2/org/jetbrains/kotlin/kotlin-daemon-embeddable/1.9.24/kotlin-daemon-embeddable-1.9.24.jar
https://repo.maven.apache.org/maven2/org/jetbrains/kotlin/kotlin-daemon-embeddable/1.9.24/kotlin-daemon-embeddable-1.9.24.pom
https://repo.maven.apache.org/maven2/org/jetbrains/kotlin/kotlin-reflect/1.6.10/kotlin-reflect-1.6.10.jar
https://repo.maven.apache.org/maven2/org/jetbrains/kotlin/kotlin-reflect/1.6.10/kotlin-reflect-1.6.10.pom
https://repo.maven.apache.org/maven2/org/jetbrains/kotlin/kotlin-reflect/1.9.24/kotlin-reflect-1.9.24.jar
https://repo.maven.apache.org/maven2/org/jetbrains/kotlin/kotlin-reflect/1.9.24/kotlin-reflect-1.9.24.pom
https://repo.maven.apache.org/maven2/org/jetbrains/kotlin/kotlin-scripting-common/1.9.24/kotlin-scripting-common-1.9.24.jar
https://repo.maven.apache.org/maven2/org/jetbrains/kotlin/kotlin-scripting-common/1.9.24/kotlin-scripting-common-1.9.24.pom
https://repo.maven.apache.org/maven2/org/jetbrains/kotlin/kotlin-scripting-compiler-embeddable/1.9.24/kotlin-scripting-compiler-embeddable-1.9.24.jar
https://repo.maven.apache.org/maven2/org/jetbrains/kotlin/kotlin-scripting-compiler-embeddable/1.9.24/kotlin-scripting-compiler-embeddable-1.9.24.pom
https://repo.maven.apache.org/maven2/org/jetbrains/kotlin/kotlin-scripting-compiler-impl-embeddable/1.9.24/kotlin-scripting-compiler-impl-embeddable-1.9.24.jar
https://repo.maven.apache.org/maven2/org/jetbrains/kotlin/kotlin-scripting-compiler-impl-embeddable/1.9.24/kotlin-scripting-compiler-impl-embeddable-1.9.24.pom
https://repo.maven.apache.org/maven2/org/jetbrains/kotlin/kotlin-scripting-jvm/1.9.24/kotlin-scripting-jvm-1.9.24.jar
https://repo.maven.apache.org/maven2/org/jetbrains/kotlin/kotlin-scripting-jvm/1.9.24/kotlin-scripting-jvm-1.9.24.pom
https://repo.maven.apache.org/maven2/org/jetbrains/kotlin/kotlin-script-runtime/1.9.24/kotlin-script-runtime-1.9.24.jar
https://repo.maven.apache.org/maven2/org/jetbrains/kotlin/kotlin-script-runtime/1.9.24/kotlin-script-runtime-1.9.24.pom
https://repo.maven.apache.org/maven2/org/jetbrains/kotlin/kotlin-stdlib/1.9.24/kotlin-stdlib-1.9.24.jar
https://repo.maven.apache.org/maven2/org/jetbrains/kotlin/kotlin-stdlib/1.9.24/kotlin-stdlib-1.9.24.module
https://repo.maven.apache.org/maven2/org/jetbrains/kotlin/kotlin-stdlib/1.9.24/kotlin-stdlib-1.9.24.pom
https://repo.maven.apache.org/maven2/org/jetbrains/kotlin/kotlin-test/1.9.24/kotlin-test-1.9.24.jar
https://repo.maven.apache.org/maven2/org/jetbrains/kotlin/kotlin-test/1.9.24/kotlin-test-1.9.24.module
https://repo.maven.apache.org/maven2/org/jetbrains/kotlin/kotlin-test/1.9.24/kotlin-test-1.9.24.pom
https://repo.maven.apache.org/maven2/org/jetbrains/kotlin/kotlin-test-junit5/1.9.24/kotlin-test-junit5-1.9.24.jar
https://repo.maven.apache.org/maven2/org/jetbrains/kotlin/kotlin-test-junit5/1.9.24/kotlin-test-junit5-1.9.24.module
https://repo.maven.apache.org/maven2/org/jetbrains/kotlin/kotlin-test-junit5/1.9.24/kotlin-test-junit5-1.9.24.pom
https://repo.maven.apache.org/maven2/org/jetbrains/kotlinx/kover-jvm-agent/0.8.1/kover-jvm-agent-0.8.1.jar
https://repo.maven.apache.org/maven2/org/jetbrains/kotlinx/kover-jvm-agent/0.8.1/kover-jvm-agent-0.8.1.module
https://repo.maven.apache.org/maven2/org/jetbrains/kotlinx/kover-jvm-agent/0.8.1/kover-jvm-agent-0.8.1.pom
https://repo.maven.apache.org/maven2/org/junit/junit-bom/5.10.2/junit-bom-5.10.2.module
https://repo.maven.apache.org/maven2/org/junit/junit-bom/5.10.2/junit-bom-5.10.2.pom
https://repo.maven.apache.org/maven2/org/junit/jupiter/junit-jupiter-api/5.10.2/junit-jupiter-api-5.10.2.jar
https://repo.maven.apache.org/maven2/org/junit/jupiter/junit-jupiter-api/5.10.2/junit-jupiter-api-5.10.2.module
https://repo.maven.apache.org/maven2/org/junit/jupiter/junit-jupiter-api/5.10.2/junit-jupiter-api-5.10.2.pom
https://repo.maven.apache.org/maven2/org/junit/jupiter/junit-jupiter-engine/5.10.2/junit-jupiter-engine-5.10.2.jar
https://repo.maven.apache.org/maven2/org/junit/jupiter/junit-jupiter-engine/5.10.2/junit-jupiter-engine-5.10.2.module
https://repo.maven.apache.org/maven2/org/junit/jupiter/junit-jupiter-engine/5.10.2/junit-jupiter-engine-5.10.2.pom
https://repo.maven.apache.org/maven2/org/junit/platform/junit-platform-commons/1.10.2/junit-platform-commons-1.10.2.jar
https://repo.maven.apache.org/maven2/org/junit/platform/junit-platform-commons/1.10.2/junit-platform-commons-1.10.2.module
https://repo.maven.apache.org/maven2/org/junit/platform/junit-platform-commons/1.10.2/junit-platform-commons-1.10.2.pom
https://repo.maven.apache.org/maven2/org/junit/platform/junit-platform-engine/1.10.2/junit-platform-engine-1.10.2.jar
https://repo.maven.apache.org/maven2/org/junit/platform/junit-platform-engine/1.10.2/junit-platform-engine-1.10.2.module
https://repo.maven.apache.org/maven2/org/junit/platform/junit-platform-engine/1.10.2/junit-platform-engine-1.10.2.pom
https://repo.maven.apache.org/maven2/org/junit/platform/junit-platform-launcher/1.10.2/junit-platform-launcher-1.10.2.jar
https://repo.maven.apache.org/maven2/org/junit/platform/junit-platform-launcher/1.10.2/junit-platform-launcher-1.10.2.module
https://repo.maven.apache.org/maven2/org/junit/platform/junit-platform-launcher/1.10.2/junit-platform-launcher-1.10.2.pom
https://repo.maven.apache.org/maven2/org/opentest4j/opentest4j/1.3.0/opentest4j-1.3.0.jar
https://repo.maven.apache.org/maven2/org/opentest4j/opentest4j/1.3.0/opentest4j-1.3.0.module
https://repo.maven.apache.org/maven2/org/opentest4j/opentest4j/1.3.0/opentest4j-1.3.0.pom
